2024-07-09T10:13:51.774-0300: 1.071: [GC [1 CMS-initial-mark: 0K(917504K)] 84074K(1035520K), 0.0146120 secs] [Times: user=0.01 sys=0.00, real=0.01 secs] 
2024-07-09T10:13:51.789-0300: 1.086: [CMS-concurrent-mark-start]
2024-07-09T10:13:51.794-0300: 1.092: [CMS-concurrent-mark: 0.005/0.005 secs] [Times: user=0.02 sys=0.00, real=0.01 secs] 
2024-07-09T10:13:51.794-0300: 1.092: [CMS-concurrent-preclean-start]
2024-07-09T10:13:51.804-0300: 1.101: [CMS-concurrent-preclean: 0.009/0.009 secs] [Times: user=0.01 sys=0.00, real=0.01 secs] 
2024-07-09T10:13:51.804-0300: 1.101: [CMS-concurrent-abortable-preclean-start]
 CMS: abort preclean due to time 2024-07-09T10:13:56.899-0300: 6.196: [CMS-concurrent-abortable-preclean: 0.028/5.095 secs] [Times: user=0.06 sys=0.00, real=5.09 secs] 
2024-07-09T10:13:56.899-0300: 6.196: [GC[YG occupancy: 88281 K (118016 K)]2024-07-09T10:13:56.899-0300: 6.196: [GC 6.196: [ParNew: 88281K->1147K(118016K), 0.0043760 secs] 88281K->1147K(1035520K), 0.0044780 secs] [Times: user=0.03 sys=0.01, real=0.01 secs] 
6.201: [Rescan (parallel) , 0.0020960 secs]6.203: [weak refs processing, 0.0000060 secs]6.203: [class unloading, 0.0007810 secs]6.204: [scrub symbol & string tables, 0.0009010 secs] [1 CMS-remark: 0K(917504K)] 1147K(1035520K), 0.0085130 secs] [Times: user=0.04 sys=0.01, real=0.01 secs] 
2024-07-09T10:13:56.908-0300: 6.205: [CMS-concurrent-sweep-start]
2024-07-09T10:13:56.911-0300: 6.208: [CMS-concurrent-sweep: 0.003/0.003 secs] [Times: user=0.01 sys=0.00, real=0.01 secs] 
2024-07-09T10:13:56.911-0300: 6.208: [CMS-concurrent-reset-start]
2024-07-09T10:13:56.915-0300: 6.212: [CMS-concurrent-reset: 0.004/0.004 secs] [Times: user=0.00 sys=0.00, real=0.00 secs] 
2024-07-09T10:23:32.822-0300: 582.119: [GC 582.119: [ParNew: 106107K->2739K(118016K), 0.0027390 secs] 106107K->2739K(1035520K), 0.0028260 secs] [Times: user=0.01 sys=0.00, real=0.00 secs] 
2024-07-09T10:30:59.701-0300: 1028.998: [GC 1028.998: [ParNew: 107699K->2811K(118016K), 0.0013770 secs] 107699K->2811K(1035520K), 0.0015310 secs] [Times: user=0.00 sys=0.00, real=0.00 secs] 
2024-07-09T10:38:46.512-0300: 1495.809: [GC 1495.809: [ParNew: 107771K->3032K(118016K), 0.0013720 secs] 107771K->3032K(1035520K), 0.0014500 secs] [Times: user=0.00 sys=0.00, real=0.00 secs] 
2024-07-09T10:46:30.816-0300: 1960.113: [GC 1960.114: [ParNew: 107992K->2522K(118016K), 0.0042220 secs] 107992K->3675K(1035520K), 0.0043730 secs] [Times: user=0.02 sys=0.00, real=0.01 secs] 
2024-07-09T10:54:36.197-0300: 2445.494: [GC 2445.494: [ParNew: 107482K->1551K(118016K), 0.0011720 secs] 108635K->2767K(1035520K), 0.0012430 secs] [Times: user=0.00 sys=0.00, real=0.00 secs] 
2024-07-09T11:02:48.203-0300: 2937.500: [GC 2937.501: [ParNew: 106511K->1094K(118016K), 0.0009240 secs] 107727K->2310K(1035520K), 0.0010040 secs] [Times: user=0.00 sys=0.00, real=0.00 secs] 
2024-07-09T11:11:00.365-0300: 3429.662: [GC 3429.662: [ParNew: 106054K->1623K(118016K), 0.0012230 secs] 107270K->2839K(1035520K), 0.0012890 secs] [Times: user=0.00 sys=0.01, real=0.00 secs] 
2024-07-09T11:19:07.837-0300: 3917.134: [GC 3917.134: [ParNew: 106583K->1698K(118016K), 0.0118610 secs] 107799K->2914K(1035520K), 0.0119310 secs] [Times: user=0.08 sys=0.00, real=0.01 secs] 
2024-07-09T11:27:23.273-0300: 4412.571: [GC 4412.571: [ParNew: 106658K->1490K(118016K), 0.0010450 secs] 107874K->2707K(1035520K), 0.0011110 secs] [Times: user=0.00 sys=0.00, real=0.00 secs] 
2024-07-09T11:35:41.063-0300: 4910.360: [GC 4910.360: [ParNew: 106450K->1633K(118016K), 0.0034510 secs] 107667K->2849K(1035520K), 0.0035170 secs] [Times: user=0.02 sys=0.01, real=0.00 secs] 
2024-07-09T11:43:59.777-0300: 5409.074: [GC 5409.074: [ParNew: 106593K->1643K(118016K), 0.0009220 secs] 107809K->2868K(1035520K), 0.0009800 secs] [Times: user=0.00 sys=0.00, real=0.00 secs] 
2024-07-09T11:52:17.385-0300: 5906.682: [GC 5906.682: [ParNew: 106603K->1184K(118016K), 0.0012440 secs] 107828K->2410K(1035520K), 0.0013010 secs] [Times: user=0.00 sys=0.01, real=0.00 secs] 
2024-07-09T12:00:34.985-0300: 6404.282: [GC 6404.282: [ParNew: 106144K->1109K(118016K), 0.0046610 secs] 107370K->2335K(1035520K), 0.0047560 secs] [Times: user=0.03 sys=0.01, real=0.01 secs] 
2024-07-09T12:08:52.104-0300: 6901.401: [GC 6901.401: [ParNew: 106069K->1291K(118016K), 0.0012850 secs] 107295K->2517K(1035520K), 0.0013880 secs] [Times: user=0.01 sys=0.00, real=0.00 secs] 
2024-07-09T12:17:04.296-0300: 7393.594: [GC 7393.594: [ParNew: 106251K->1534K(118016K), 0.0015850 secs] 107477K->2760K(1035520K), 0.0016540 secs] [Times: user=0.01 sys=0.00, real=0.01 secs] 
2024-07-09T12:25:21.249-0300: 7890.547: [GC 7890.547: [ParNew: 106489K->2000K(118016K), 0.0011770 secs] 107715K->3226K(1035520K), 0.0012500 secs] [Times: user=0.01 sys=0.00, real=0.00 secs] 
2024-07-09T12:33:38.947-0300: 8388.244: [GC 8388.244: [ParNew: 106960K->1511K(118016K), 0.0010260 secs] 108186K->2736K(1035520K), 0.0010890 secs] [Times: user=0.01 sys=0.00, real=0.01 secs] 
2024-07-09T12:41:55.979-0300: 8885.276: [GC 8885.277: [ParNew: 106471K->1346K(118016K), 0.0008330 secs] 107696K->2580K(1035520K), 0.0008920 secs] [Times: user=0.00 sys=0.01, real=0.00 secs] 
2024-07-09T12:50:13.637-0300: 9382.934: [GC 9382.934: [ParNew: 106306K->1385K(118016K), 0.0011460 secs] 107540K->2620K(1035520K), 0.0012100 secs] [Times: user=0.00 sys=0.00, real=0.01 secs] 
2024-07-09T12:58:31.561-0300: 9880.858: [GC 9880.858: [ParNew: 106345K->1303K(118016K), 0.0009660 secs] 107580K->2538K(1035520K), 0.0010270 secs] [Times: user=0.00 sys=0.00, real=0.00 secs] 
2024-07-09T13:06:49.597-0300: 10378.895: [GC 10378.895: [ParNew: 106263K->1440K(118016K), 0.0009680 secs] 107498K->2675K(1035520K), 0.0010300 secs] [Times: user=0.00 sys=0.01, real=0.00 secs] 
2024-07-09T13:15:01.177-0300: 10870.474: [GC 10870.475: [ParNew: 106400K->1482K(118016K), 0.0010850 secs] 107635K->2717K(1035520K), 0.0011640 secs] [Times: user=0.00 sys=0.00, real=0.00 secs] 
2024-07-09T13:23:20.834-0300: 11370.131: [GC 11370.131: [ParNew: 106442K->1704K(118016K), 0.0012460 secs] 107677K->2939K(1035520K), 0.0013090 secs] [Times: user=0.01 sys=0.01, real=0.00 secs] 
2024-07-09T13:31:37.672-0300: 11866.969: [GC 11866.970: [ParNew: 106664K->2027K(118016K), 0.0010320 secs] 107899K->3262K(1035520K), 0.0010980 secs] [Times: user=0.01 sys=0.00, real=0.00 secs] 
2024-07-09T13:39:55.253-0300: 12364.550: [GC 12364.550: [ParNew: 106987K->1782K(118016K), 0.0012940 secs] 108222K->3025K(1035520K), 0.0013590 secs] [Times: user=0.01 sys=0.00, real=0.00 secs] 
2024-07-09T13:48:12.882-0300: 12862.179: [GC 12862.179: [ParNew: 106742K->1731K(118016K), 0.0050620 secs] 107985K->2975K(1035520K), 0.0051550 secs] [Times: user=0.02 sys=0.02, real=0.00 secs] 
2024-07-09T13:56:30.536-0300: 13359.833: [GC 13359.833: [ParNew: 106691K->1650K(118016K), 0.0080630 secs] 107935K->2894K(1035520K), 0.0082290 secs] [Times: user=0.03 sys=0.01, real=0.01 secs] 
2024-07-09T14:04:47.538-0300: 13856.835: [GC 13856.835: [ParNew: 106610K->1555K(118016K), 0.0038250 secs] 107854K->2799K(1035520K), 0.0038980 secs] [Times: user=0.02 sys=0.00, real=0.01 secs] 
2024-07-09T14:13:04.493-0300: 14353.790: [GC 14353.790: [ParNew: 106515K->1218K(118016K), 0.0009920 secs] 107759K->2463K(1035520K), 0.0010650 secs] [Times: user=0.00 sys=0.00, real=0.00 secs] 
2024-07-09T14:21:15.976-0300: 14845.273: [GC 14845.273: [ParNew: 106178K->1141K(118016K), 0.0113520 secs] 107423K->2385K(1035520K), 0.0114120 secs] [Times: user=0.07 sys=0.00, real=0.01 secs] 
2024-07-09T14:29:34.374-0300: 15343.671: [GC 15343.671: [ParNew: 106101K->1188K(118016K), 0.0060470 secs] 107345K->2432K(1035520K), 0.0061050 secs] [Times: user=0.02 sys=0.01, real=0.00 secs] 
2024-07-09T14:37:54.555-0300: 15843.852: [GC 15843.852: [ParNew: 106148K->993K(118016K), 0.0055960 secs] 107392K->2246K(1035520K), 0.0057200 secs] [Times: user=0.04 sys=0.00, real=0.01 secs] 
2024-07-09T14:46:11.048-0300: 16340.345: [GC 16340.345: [ParNew: 105953K->1682K(118016K), 0.0019610 secs] 107206K->2935K(1035520K), 0.0021180 secs] [Times: user=0.01 sys=0.00, real=0.00 secs] 
2024-07-09T14:54:28.635-0300: 16837.932: [GC 16837.932: [ParNew: 106642K->2037K(118016K), 0.0012130 secs] 107895K->3290K(1035520K), 0.0012980 secs] [Times: user=0.01 sys=0.00, real=0.01 secs] 
Heap
 par new generation   total 118016K, used 41046K [0x00000000bae00000, 0x00000000c2e00000, 0x00000000c2e00000)
  eden space 104960K,  37% used [0x00000000bae00000, 0x00000000bd418548, 0x00000000c1480000)
  from space 13056K,  15% used [0x00000000c2140000, 0x00000000c233d4b8, 0x00000000c2e00000)
  to   space 13056K,   0% used [0x00000000c1480000, 0x00000000c1480000, 0x00000000c2140000)
 concurrent mark-sweep generation total 917504K, used 1253K [0x00000000c2e00000, 0x00000000fae00000, 0x00000000fae00000)
 concurrent-mark-sweep perm gen total 37716K, used 24881K [0x00000000fae00000, 0x00000000fd2d5000, 0x0000000100000000)
